// Jest Snapshot v1, https://goo.gl/fbAQLP

exports[`AppComponent should match snapshot 1`] = `
<nx-example-root>
  Welcome to products! <router-outlet />
</nx-example-root>
`;
