// Jest Snapshot v1, https://goo.gl/fbAQLP

exports[`App should have a greeting as the title 1`] = `
<body>
  <div>
    <div>
      Welcome to cart!
    </div>
  </div>
</body>
`;
